Nothing to build in platform 'Matrix_vitis_dc'

21:30:42 **** Incremental Build of configuration Debug for project Matrix_app_dc ****
make all 
make --no-print-directory pre-build
a9-linaro-pre-build-step
' '
make --no-print-directory main-build
'Building file: ../src/helloworld.c'
'Invoking: ARM v7 gcc compiler'
arm-none-eabi-gcc -Wall -O0 -g3 -c -fmessage-length=0 -MT"src/helloworld.o" -mcpu=cortex-a9 -mfpu=vfpv3 -mfloat-abi=hard -IC:/Users/djdan/OneDrive/Documents/CSUN/520a/Matrix/Matrix_dc/Matrix_Vitis_Workspace/Matrix_vitis_dc/export/Matrix_vitis_dc/sw/Matrix_vitis_dc/standalone_domain/bspinclude/include -MMD -MP -MF"src/helloworld.d" -MT"src/helloworld.o" -o "src/helloworld.o" "../src/helloworld.c"
../src/helloworld.c:177:17: warning: 'MatrixAccel_IsDone' defined but not used [-Wunused-function]
  177 | static uint32_t MatrixAccel_IsDone(void)
      |                 ^~~~~~~~~~~~~~~~~~
../src/helloworld.c:172:17: warning: 'MatrixAccel_IsBusy' defined but not used [-Wunused-function]
  172 | static uint32_t MatrixAccel_IsBusy(void)
      |                 ^~~~~~~~~~~~~~~~~~
'Finished building: ../src/helloworld.c'
' '
'Building file: ../src/platform.c'
'Invoking: ARM v7 gcc compiler'
arm-none-eabi-gcc -Wall -O0 -g3 -c -fmessage-length=0 -MT"src/platform.o" -mcpu=cortex-a9 -mfpu=vfpv3 -mfloat-abi=hard -IC:/Users/djdan/OneDrive/Documents/CSUN/520a/Matrix/Matrix_dc/Matrix_Vitis_Workspace/Matrix_vitis_dc/export/Matrix_vitis_dc/sw/Matrix_vitis_dc/standalone_domain/bspinclude/include -MMD -MP -MF"src/platform.d" -MT"src/platform.o" -o "src/platform.o" "../src/platform.c"
'Finished building: ../src/platform.c'
' '
'Building target: Matrix_app_dc.elf'
'Invoking: ARM v7 gcc linker'
arm-none-eabi-gcc -mcpu=cortex-a9 -mfpu=vfpv3 -mfloat-abi=hard -Wl,-build-id=none -specs=Xilinx.spec -Wl,-T -Wl,../src/lscript.ld -LC:/Users/djdan/OneDrive/Documents/CSUN/520a/Matrix/Matrix_dc/Matrix_Vitis_Workspace/Matrix_vitis_dc/export/Matrix_vitis_dc/sw/Matrix_vitis_dc/standalone_domain/bsplib/lib -o "Matrix_app_dc.elf"  ./src/helloworld.o ./src/platform.o   -Wl,--start-group,-lxil,-lgcc,-lc,--end-group
'Finished building target: Matrix_app_dc.elf'
' '
'Invoking: ARM v7 Print Size'
arm-none-eabi-size Matrix_app_dc.elf  |tee "Matrix_app_dc.elf.size"
   text	   data	    bss	    dec	    hex	filename
  36423	   1920	  26736	  65079	   fe37	Matrix_app_dc.elf
'Finished building: Matrix_app_dc.elf.size'
' '
21:30:46 **** Incremental Build of configuration Debug for project Matrix_app_dc_system ****
make all 
Generating bif file for the system project
generate_system_bif.bat 54436 C:/Users/djdan/OneDrive/Documents/CSUN/520a/Matrix/Matrix_dc/Matrix_Vitis_Workspace/Matrix_vitis_dc/export/Matrix_vitis_dc/Matrix_vitis_dc.xpfm standalone_domain C:/Users/djdan/OneDrive/Documents/CSUN/520a/Matrix/Matrix_dc/Matrix_Vitis_Workspace/Matrix_app_dc_system/Debug/system.bif
ECHO is off.
ECHO is off.
sdcard_gen --xpfm C:/Users/djdan/OneDrive/Documents/CSUN/520a/Matrix/Matrix_dc/Matrix_Vitis_Workspace/Matrix_vitis_dc/export/Matrix_vitis_dc/Matrix_vitis_dc.xpfm --sys_config Matrix_vitis_dc --bif C:/Users/djdan/OneDrive/Documents/CSUN/520a/Matrix/Matrix_dc/Matrix_Vitis_Workspace/Matrix_app_dc_system/Debug/system.bif --bitstream C:/Users/djdan/OneDrive/Documents/CSUN/520a/Matrix/Matrix_dc/Matrix_Vitis_Workspace/Matrix_app_dc/_ide/bitstream/design_1_wrapper.bit --elf C:/Users/djdan/OneDrive/Documents/CSUN/520a/Matrix/Matrix_dc/Matrix_Vitis_Workspace/Matrix_app_dc/Debug/Matrix_app_dc.elf,ps7_cortexa9_0
ECHO is off.
ECHO is off.
creating BOOT.BIN using C:/Users/djdan/OneDrive/Documents/CSUN/520a/Matrix/Matrix_dc/Matrix_Vitis_Workspace/Matrix_app_dc/_ide/bitstream/design_1_wrapper.bit
Running C:/Xilinx/Vitis/2023.1/bin/bootgen  -image C:/Users/djdan/OneDrive/Documents/CSUN/520a/Matrix/Matrix_dc/Matrix_Vitis_Workspace/Matrix_app_dc_system/Debug/sd_card_temp/boot.bif -w -o i BOOT.BIN
